mode: set
github.com/aswinsreeraj/evntx/internal/usecase/audit_usecase.go:17.110,22.2 1 0
github.com/aswinsreeraj/evntx/internal/usecase/audit_usecase.go:24.144,27.19 2 0
github.com/aswinsreeraj/evntx/internal/usecase/audit_usecase.go:27.19,29.33 2 0
github.com/aswinsreeraj/evntx/internal/usecase/audit_usecase.go:29.33,31.4 1 0
github.com/aswinsreeraj/evntx/internal/usecase/audit_usecase.go:34.2,35.23 2 0
github.com/aswinsreeraj/evntx/internal/usecase/audit_usecase.go:35.23,36.53 1 0
github.com/aswinsreeraj/evntx/internal/usecase/audit_usecase.go:36.53,38.4 1 0
github.com/aswinsreeraj/evntx/internal/usecase/audit_usecase.go:41.2,52.32 2 0
github.com/aswinsreeraj/evntx/internal/usecase/audit_usecase.go:55.83,57.2 1 0
github.com/aswinsreeraj/evntx/internal/usecase/auth_usecase.go:40.16,50.2 1 1
github.com/aswinsreeraj/evntx/internal/usecase/auth_usecase.go:52.29,54.17 2 1
github.com/aswinsreeraj/evntx/internal/usecase/auth_usecase.go:54.17,56.3 1 1
github.com/aswinsreeraj/evntx/internal/usecase/auth_usecase.go:57.2,57.14 1 0
github.com/aswinsreeraj/evntx/internal/usecase/auth_usecase.go:60.70,62.16 2 1
github.com/aswinsreeraj/evntx/internal/usecase/auth_usecase.go:62.16,63.45 1 1
github.com/aswinsreeraj/evntx/internal/usecase/auth_usecase.go:63.45,65.4 1 1
github.com/aswinsreeraj/evntx/internal/usecase/auth_usecase.go:66.3,66.13 1 0
github.com/aswinsreeraj/evntx/internal/usecase/auth_usecase.go:68.2,68.57 1 0
github.com/aswinsreeraj/evntx/internal/usecase/auth_usecase.go:68.57,70.3 1 0
github.com/aswinsreeraj/evntx/internal/usecase/auth_usecase.go:71.2,71.12 1 0
github.com/aswinsreeraj/evntx/internal/usecase/auth_usecase.go:74.67,78.16 3 1
github.com/aswinsreeraj/evntx/internal/usecase/auth_usecase.go:78.16,79.45 1 1
github.com/aswinsreeraj/evntx/internal/usecase/auth_usecase.go:79.45,81.4 1 1
github.com/aswinsreeraj/evntx/internal/usecase/auth_usecase.go:81.9,83.4 1 0
github.com/aswinsreeraj/evntx/internal/usecase/auth_usecase.go:84.8,84.27 1 1
github.com/aswinsreeraj/evntx/internal/usecase/auth_usecase.go:84.27,87.3 1 1
github.com/aswinsreeraj/evntx/internal/usecase/auth_usecase.go:89.2,89.40 1 1
github.com/aswinsreeraj/evntx/internal/usecase/auth_usecase.go:89.40,90.124 1 1
github.com/aswinsreeraj/evntx/internal/usecase/auth_usecase.go:90.124,92.4 1 0
github.com/aswinsreeraj/evntx/internal/usecase/auth_usecase.go:95.2,96.16 2 1
github.com/aswinsreeraj/evntx/internal/usecase/auth_usecase.go:96.16,98.3 1 0
github.com/aswinsreeraj/evntx/internal/usecase/auth_usecase.go:100.2,101.16 2 1
github.com/aswinsreeraj/evntx/internal/usecase/auth_usecase.go:101.16,103.3 1 0
github.com/aswinsreeraj/evntx/internal/usecase/auth_usecase.go:105.2,105.60 1 1
github.com/aswinsreeraj/evntx/internal/usecase/auth_usecase.go:105.60,107.3 1 0
github.com/aswinsreeraj/evntx/internal/usecase/auth_usecase.go:109.2,117.51 2 1
github.com/aswinsreeraj/evntx/internal/usecase/auth_usecase.go:117.51,119.3 1 0
github.com/aswinsreeraj/evntx/internal/usecase/auth_usecase.go:121.2,121.61 1 1
github.com/aswinsreeraj/evntx/internal/usecase/auth_usecase.go:121.61,123.3 1 0
github.com/aswinsreeraj/evntx/internal/usecase/auth_usecase.go:125.2,125.23 1 1
github.com/aswinsreeraj/evntx/internal/usecase/auth_usecase.go:128.138,131.16 2 1
github.com/aswinsreeraj/evntx/internal/usecase/auth_usecase.go:131.16,134.3 2 0
github.com/aswinsreeraj/evntx/internal/usecase/auth_usecase.go:136.2,136.66 1 1
github.com/aswinsreeraj/evntx/internal/usecase/auth_usecase.go:136.66,139.3 2 1
github.com/aswinsreeraj/evntx/internal/usecase/auth_usecase.go:141.2,141.61 1 1
github.com/aswinsreeraj/evntx/internal/usecase/auth_usecase.go:141.61,143.3 1 0
github.com/aswinsreeraj/evntx/internal/usecase/auth_usecase.go:145.2,147.16 2 1
github.com/aswinsreeraj/evntx/internal/usecase/auth_usecase.go:147.16,148.45 1 0
github.com/aswinsreeraj/evntx/internal/usecase/auth_usecase.go:148.45,157.50 2 0
github.com/aswinsreeraj/evntx/internal/usecase/auth_usecase.go:157.50,159.5 1 0
github.com/aswinsreeraj/evntx/internal/usecase/auth_usecase.go:161.4,170.60 2 0
github.com/aswinsreeraj/evntx/internal/usecase/auth_usecase.go:170.60,172.5 1 0
github.com/aswinsreeraj/evntx/internal/usecase/auth_usecase.go:173.9,175.4 1 0
github.com/aswinsreeraj/evntx/internal/usecase/auth_usecase.go:176.8,176.27 1 1
github.com/aswinsreeraj/evntx/internal/usecase/auth_usecase.go:176.27,178.3 1 0
github.com/aswinsreeraj/evntx/internal/usecase/auth_usecase.go:180.2,180.75 1 1
github.com/aswinsreeraj/evntx/internal/usecase/auth_usecase.go:180.75,182.3 1 0
github.com/aswinsreeraj/evntx/internal/usecase/auth_usecase.go:184.2,185.16 2 1
github.com/aswinsreeraj/evntx/internal/usecase/auth_usecase.go:185.16,187.3 1 0
github.com/aswinsreeraj/evntx/internal/usecase/auth_usecase.go:189.2,190.16 2 1
github.com/aswinsreeraj/evntx/internal/usecase/auth_usecase.go:190.16,192.3 1 0
github.com/aswinsreeraj/evntx/internal/usecase/auth_usecase.go:194.2,206.54 3 1
github.com/aswinsreeraj/evntx/internal/usecase/auth_usecase.go:206.54,208.3 1 0
github.com/aswinsreeraj/evntx/internal/usecase/auth_usecase.go:210.2,211.16 2 1
github.com/aswinsreeraj/evntx/internal/usecase/auth_usecase.go:211.16,213.3 1 0
github.com/aswinsreeraj/evntx/internal/usecase/auth_usecase.go:215.2,215.52 1 1
github.com/aswinsreeraj/evntx/internal/usecase/auth_usecase.go:218.172,219.27 1 0
github.com/aswinsreeraj/evntx/internal/usecase/auth_usecase.go:219.27,220.88 1 0
github.com/aswinsreeraj/evntx/internal/usecase/auth_usecase.go:220.88,221.40 1 0
github.com/aswinsreeraj/evntx/internal/usecase/auth_usecase.go:221.40,223.5 1 0
github.com/aswinsreeraj/evntx/internal/usecase/auth_usecase.go:227.2,228.16 2 0
github.com/aswinsreeraj/evntx/internal/usecase/auth_usecase.go:228.16,231.3 2 0
github.com/aswinsreeraj/evntx/internal/usecase/auth_usecase.go:233.2,233.66 1 0
github.com/aswinsreeraj/evntx/internal/usecase/auth_usecase.go:233.66,236.3 2 0
github.com/aswinsreeraj/evntx/internal/usecase/auth_usecase.go:238.2,238.61 1 0
github.com/aswinsreeraj/evntx/internal/usecase/auth_usecase.go:238.61,240.3 1 0
github.com/aswinsreeraj/evntx/internal/usecase/auth_usecase.go:242.2,244.16 2 0
github.com/aswinsreeraj/evntx/internal/usecase/auth_usecase.go:244.16,245.45 1 0
github.com/aswinsreeraj/evntx/internal/usecase/auth_usecase.go:245.45,256.50 2 0
github.com/aswinsreeraj/evntx/internal/usecase/auth_usecase.go:256.50,258.5 1 0
github.com/aswinsreeraj/evntx/internal/usecase/auth_usecase.go:259.9,261.4 1 0
github.com/aswinsreeraj/evntx/internal/usecase/auth_usecase.go:262.8,263.21 1 0
github.com/aswinsreeraj/evntx/internal/usecase/auth_usecase.go:263.21,265.4 1 0
github.com/aswinsreeraj/evntx/internal/usecase/auth_usecase.go:266.3,269.49 4 0
github.com/aswinsreeraj/evntx/internal/usecase/auth_usecase.go:269.49,271.4 1 0
github.com/aswinsreeraj/evntx/internal/usecase/auth_usecase.go:274.2,275.16 2 0
github.com/aswinsreeraj/evntx/internal/usecase/auth_usecase.go:275.16,277.3 1 0
github.com/aswinsreeraj/evntx/internal/usecase/auth_usecase.go:279.2,280.53 2 0
github.com/aswinsreeraj/evntx/internal/usecase/auth_usecase.go:280.53,281.88 1 0
github.com/aswinsreeraj/evntx/internal/usecase/auth_usecase.go:281.88,283.4 1 0
github.com/aswinsreeraj/evntx/internal/usecase/auth_usecase.go:286.2,286.28 1 0
github.com/aswinsreeraj/evntx/internal/usecase/auth_usecase.go:286.28,288.27 2 0
github.com/aswinsreeraj/evntx/internal/usecase/auth_usecase.go:288.27,289.33 1 0
github.com/aswinsreeraj/evntx/internal/usecase/auth_usecase.go:289.33,291.10 2 0
github.com/aswinsreeraj/evntx/internal/usecase/auth_usecase.go:294.3,294.41 1 0
github.com/aswinsreeraj/evntx/internal/usecase/auth_usecase.go:294.41,295.76 1 0
github.com/aswinsreeraj/evntx/internal/usecase/auth_usecase.go:295.76,297.5 1 0
github.com/aswinsreeraj/evntx/internal/usecase/auth_usecase.go:301.2,301.54 1 0
github.com/aswinsreeraj/evntx/internal/usecase/auth_usecase.go:301.54,303.23 2 0
github.com/aswinsreeraj/evntx/internal/usecase/auth_usecase.go:303.23,305.4 1 0
github.com/aswinsreeraj/evntx/internal/usecase/auth_usecase.go:306.3,311.18 1 0
github.com/aswinsreeraj/evntx/internal/usecase/auth_usecase.go:311.18,313.4 1 0
github.com/aswinsreeraj/evntx/internal/usecase/auth_usecase.go:316.2,316.48 1 0
github.com/aswinsreeraj/evntx/internal/usecase/auth_usecase.go:316.48,318.3 1 0
github.com/aswinsreeraj/evntx/internal/usecase/auth_usecase.go:320.2,321.16 2 0
github.com/aswinsreeraj/evntx/internal/usecase/auth_usecase.go:321.16,323.3 1 0
github.com/aswinsreeraj/evntx/internal/usecase/auth_usecase.go:325.2,326.16 2 0
github.com/aswinsreeraj/evntx/internal/usecase/auth_usecase.go:326.16,328.3 1 0
github.com/aswinsreeraj/evntx/internal/usecase/auth_usecase.go:330.2,342.54 3 0
github.com/aswinsreeraj/evntx/internal/usecase/auth_usecase.go:342.54,344.3 1 0
github.com/aswinsreeraj/evntx/internal/usecase/auth_usecase.go:346.2,346.52 1 0
github.com/aswinsreeraj/evntx/internal/usecase/auth_usecase.go:349.73,352.16 2 0
github.com/aswinsreeraj/evntx/internal/usecase/auth_usecase.go:352.16,354.3 1 0
github.com/aswinsreeraj/evntx/internal/usecase/auth_usecase.go:356.2,357.16 2 0
github.com/aswinsreeraj/evntx/internal/usecase/auth_usecase.go:357.16,359.3 1 0
github.com/aswinsreeraj/evntx/internal/usecase/auth_usecase.go:361.2,361.61 1 0
github.com/aswinsreeraj/evntx/internal/usecase/auth_usecase.go:361.61,363.3 1 0
github.com/aswinsreeraj/evntx/internal/usecase/auth_usecase.go:365.2,365.62 1 0
github.com/aswinsreeraj/evntx/internal/usecase/auth_usecase.go:365.62,367.3 1 0
github.com/aswinsreeraj/evntx/internal/usecase/auth_usecase.go:369.2,369.44 1 0
github.com/aswinsreeraj/evntx/internal/usecase/auth_usecase.go:372.57,375.16 2 0
github.com/aswinsreeraj/evntx/internal/usecase/auth_usecase.go:375.16,377.3 1 0
github.com/aswinsreeraj/evntx/internal/usecase/auth_usecase.go:379.2,380.16 2 0
github.com/aswinsreeraj/evntx/internal/usecase/auth_usecase.go:380.16,382.3 1 0
github.com/aswinsreeraj/evntx/internal/usecase/auth_usecase.go:384.2,384.41 1 0
github.com/aswinsreeraj/evntx/internal/usecase/auth_usecase.go:387.90,388.27 1 0
github.com/aswinsreeraj/evntx/internal/usecase/auth_usecase.go:388.27,389.88 1 0
github.com/aswinsreeraj/evntx/internal/usecase/auth_usecase.go:389.88,390.34 1 0
github.com/aswinsreeraj/evntx/internal/usecase/auth_usecase.go:390.34,392.5 1 0
github.com/aswinsreeraj/evntx/internal/usecase/auth_usecase.go:396.2,397.16 2 0
github.com/aswinsreeraj/evntx/internal/usecase/auth_usecase.go:397.16,399.3 1 0
github.com/aswinsreeraj/evntx/internal/usecase/auth_usecase.go:401.2,402.16 2 0
github.com/aswinsreeraj/evntx/internal/usecase/auth_usecase.go:402.16,403.28 1 0
github.com/aswinsreeraj/evntx/internal/usecase/auth_usecase.go:403.28,404.125 1 0
github.com/aswinsreeraj/evntx/internal/usecase/auth_usecase.go:404.125,406.5 1 0
github.com/aswinsreeraj/evntx/internal/usecase/auth_usecase.go:409.3,416.49 2 0
github.com/aswinsreeraj/evntx/internal/usecase/auth_usecase.go:416.49,418.4 1 0
github.com/aswinsreeraj/evntx/internal/usecase/auth_usecase.go:420.3,429.59 2 0
github.com/aswinsreeraj/evntx/internal/usecase/auth_usecase.go:429.59,431.4 1 0
github.com/aswinsreeraj/evntx/internal/usecase/auth_usecase.go:432.8,432.27 1 0
github.com/aswinsreeraj/evntx/internal/usecase/auth_usecase.go:432.27,434.3 1 0
github.com/aswinsreeraj/evntx/internal/usecase/auth_usecase.go:436.2,436.75 1 0
github.com/aswinsreeraj/evntx/internal/usecase/auth_usecase.go:436.75,438.3 1 0
github.com/aswinsreeraj/evntx/internal/usecase/auth_usecase.go:440.2,441.16 2 0
github.com/aswinsreeraj/evntx/internal/usecase/auth_usecase.go:441.16,443.3 1 0
github.com/aswinsreeraj/evntx/internal/usecase/auth_usecase.go:445.2,446.16 2 0
github.com/aswinsreeraj/evntx/internal/usecase/auth_usecase.go:446.16,448.3 1 0
github.com/aswinsreeraj/evntx/internal/usecase/auth_usecase.go:450.2,462.54 3 0
github.com/aswinsreeraj/evntx/internal/usecase/auth_usecase.go:462.54,464.3 1 0
github.com/aswinsreeraj/evntx/internal/usecase/auth_usecase.go:466.2,466.39 1 0
github.com/aswinsreeraj/evntx/internal/usecase/booking_usecase.go:30.19,38.2 1 1
github.com/aswinsreeraj/evntx/internal/usecase/booking_usecase.go:40.151,42.16 2 1
github.com/aswinsreeraj/evntx/internal/usecase/booking_usecase.go:42.16,44.3 1 0
github.com/aswinsreeraj/evntx/internal/usecase/booking_usecase.go:46.2,46.58 1 1
github.com/aswinsreeraj/evntx/internal/usecase/booking_usecase.go:46.58,48.3 1 1
github.com/aswinsreeraj/evntx/internal/usecase/booking_usecase.go:50.2,51.16 2 1
github.com/aswinsreeraj/evntx/internal/usecase/booking_usecase.go:51.16,53.3 1 0
github.com/aswinsreeraj/evntx/internal/usecase/booking_usecase.go:55.2,56.33 2 1
github.com/aswinsreeraj/evntx/internal/usecase/booking_usecase.go:56.33,58.3 1 1
github.com/aswinsreeraj/evntx/internal/usecase/booking_usecase.go:60.2,64.31 4 1
github.com/aswinsreeraj/evntx/internal/usecase/booking_usecase.go:64.31,66.14 2 1
github.com/aswinsreeraj/evntx/internal/usecase/booking_usecase.go:66.14,68.4 1 0
github.com/aswinsreeraj/evntx/internal/usecase/booking_usecase.go:70.3,70.42 1 1
github.com/aswinsreeraj/evntx/internal/usecase/booking_usecase.go:70.42,72.4 1 1
github.com/aswinsreeraj/evntx/internal/usecase/booking_usecase.go:74.3,80.5 2 1
github.com/aswinsreeraj/evntx/internal/usecase/booking_usecase.go:83.2,87.31 4 1
github.com/aswinsreeraj/evntx/internal/usecase/booking_usecase.go:87.31,89.3 1 1
github.com/aswinsreeraj/evntx/internal/usecase/booking_usecase.go:91.2,92.19 2 1
github.com/aswinsreeraj/evntx/internal/usecase/booking_usecase.go:92.19,94.28 2 1
github.com/aswinsreeraj/evntx/internal/usecase/booking_usecase.go:94.28,95.89 1 1
github.com/aswinsreeraj/evntx/internal/usecase/booking_usecase.go:95.89,96.69 1 1
github.com/aswinsreeraj/evntx/internal/usecase/booking_usecase.go:96.69,98.6 1 0
github.com/aswinsreeraj/evntx/internal/usecase/booking_usecase.go:98.11,100.6 1 1
github.com/aswinsreeraj/evntx/internal/usecase/booking_usecase.go:104.2,117.16 4 1
github.com/aswinsreeraj/evntx/internal/usecase/booking_usecase.go:117.16,119.3 1 0
github.com/aswinsreeraj/evntx/internal/usecase/booking_usecase.go:121.2,121.32 1 1
github.com/aswinsreeraj/evntx/internal/usecase/booking_usecase.go:121.32,131.3 2 0
github.com/aswinsreeraj/evntx/internal/usecase/booking_usecase.go:133.2,143.34 2 1
github.com/aswinsreeraj/evntx/internal/usecase/booking_usecase.go:143.34,155.23 1 0
github.com/aswinsreeraj/evntx/internal/usecase/booking_usecase.go:155.23,161.4 1 0
github.com/aswinsreeraj/evntx/internal/usecase/booking_usecase.go:164.2,164.21 1 1
github.com/aswinsreeraj/evntx/internal/usecase/booking_usecase.go:167.76,169.16 2 0
github.com/aswinsreeraj/evntx/internal/usecase/booking_usecase.go:169.16,171.3 1 0
github.com/aswinsreeraj/evntx/internal/usecase/booking_usecase.go:173.2,173.36 1 0
github.com/aswinsreeraj/evntx/internal/usecase/booking_usecase.go:173.36,181.3 1 0
github.com/aswinsreeraj/evntx/internal/usecase/booking_usecase.go:183.2,183.12 1 0
github.com/aswinsreeraj/evntx/internal/usecase/booking_usecase.go:186.156,188.16 2 0
github.com/aswinsreeraj/evntx/internal/usecase/booking_usecase.go:188.16,190.3 1 0
github.com/aswinsreeraj/evntx/internal/usecase/booking_usecase.go:192.2,192.29 1 0
github.com/aswinsreeraj/evntx/internal/usecase/booking_usecase.go:195.160,197.16 2 0
github.com/aswinsreeraj/evntx/internal/usecase/booking_usecase.go:197.16,199.3 1 0
github.com/aswinsreeraj/evntx/internal/usecase/booking_usecase.go:201.2,201.21 1 0
github.com/aswinsreeraj/evntx/internal/usecase/booking_usecase.go:204.136,206.16 2 0
github.com/aswinsreeraj/evntx/internal/usecase/booking_usecase.go:206.16,208.3 1 0
github.com/aswinsreeraj/evntx/internal/usecase/booking_usecase.go:210.2,211.16 2 0
github.com/aswinsreeraj/evntx/internal/usecase/booking_usecase.go:211.16,213.3 1 0
github.com/aswinsreeraj/evntx/internal/usecase/booking_usecase.go:215.2,217.58 3 0
github.com/aswinsreeraj/evntx/internal/usecase/booking_usecase.go:217.58,219.3 1 0
github.com/aswinsreeraj/evntx/internal/usecase/booking_usecase.go:221.2,226.16 5 0
github.com/aswinsreeraj/evntx/internal/usecase/booking_usecase.go:226.16,228.3 1 0
github.com/aswinsreeraj/evntx/internal/usecase/booking_usecase.go:230.2,237.61 2 0
github.com/aswinsreeraj/evntx/internal/usecase/booking_usecase.go:237.61,251.23 1 0
github.com/aswinsreeraj/evntx/internal/usecase/booking_usecase.go:251.23,257.4 1 0
github.com/aswinsreeraj/evntx/internal/usecase/booking_usecase.go:260.2,260.12 1 0
github.com/aswinsreeraj/evntx/internal/usecase/booking_usecase.go:268.34,270.16 2 1
github.com/aswinsreeraj/evntx/internal/usecase/booking_usecase.go:270.16,272.3 1 0
github.com/aswinsreeraj/evntx/internal/usecase/booking_usecase.go:274.2,276.29 3 1
github.com/aswinsreeraj/evntx/internal/usecase/booking_usecase.go:276.29,277.15 1 1
github.com/aswinsreeraj/evntx/internal/usecase/booking_usecase.go:278.25,279.18 1 0
github.com/aswinsreeraj/evntx/internal/usecase/booking_usecase.go:280.29,281.22 1 1
github.com/aswinsreeraj/evntx/internal/usecase/booking_usecase.go:285.2,285.14 1 1
github.com/aswinsreeraj/evntx/internal/usecase/booking_usecase.go:285.14,286.19 1 1
github.com/aswinsreeraj/evntx/internal/usecase/booking_usecase.go:286.19,288.4 1 1
github.com/aswinsreeraj/evntx/internal/usecase/booking_usecase.go:290.3,291.17 2 1
github.com/aswinsreeraj/evntx/internal/usecase/booking_usecase.go:291.17,293.4 1 0
github.com/aswinsreeraj/evntx/internal/usecase/booking_usecase.go:295.3,295.35 1 1
github.com/aswinsreeraj/evntx/internal/usecase/booking_usecase.go:295.35,297.4 1 0
github.com/aswinsreeraj/evntx/internal/usecase/booking_usecase.go:300.2,300.62 1 1
github.com/aswinsreeraj/evntx/internal/usecase/booking_usecase.go:303.100,305.16 2 0
github.com/aswinsreeraj/evntx/internal/usecase/booking_usecase.go:305.16,307.3 1 0
github.com/aswinsreeraj/evntx/internal/usecase/booking_usecase.go:309.2,309.30 1 0
github.com/aswinsreeraj/evntx/internal/usecase/booking_usecase.go:309.30,311.3 1 0
github.com/aswinsreeraj/evntx/internal/usecase/booking_usecase.go:313.2,314.44 2 0
github.com/aswinsreeraj/evntx/internal/usecase/booking_usecase.go:314.44,316.3 1 0
github.com/aswinsreeraj/evntx/internal/usecase/booking_usecase.go:318.2,318.34 1 0
github.com/aswinsreeraj/evntx/internal/usecase/booking_usecase.go:318.34,320.3 1 0
github.com/aswinsreeraj/evntx/internal/usecase/booking_usecase.go:322.2,322.41 1 0
github.com/aswinsreeraj/evntx/internal/usecase/booking_usecase.go:322.41,324.3 1 0
github.com/aswinsreeraj/evntx/internal/usecase/booking_usecase.go:326.2,327.16 2 0
github.com/aswinsreeraj/evntx/internal/usecase/booking_usecase.go:327.16,329.3 1 0
github.com/aswinsreeraj/evntx/internal/usecase/booking_usecase.go:331.2,331.34 1 0
github.com/aswinsreeraj/evntx/internal/usecase/booking_usecase.go:331.34,357.3 3 0
github.com/aswinsreeraj/evntx/internal/usecase/booking_usecase.go:359.2,359.12 1 0
github.com/aswinsreeraj/evntx/internal/usecase/engagement_usecase.go:16.84,18.2 1 0
github.com/aswinsreeraj/evntx/internal/usecase/engagement_usecase.go:20.145,31.16 3 0
github.com/aswinsreeraj/evntx/internal/usecase/engagement_usecase.go:31.16,33.3 1 0
github.com/aswinsreeraj/evntx/internal/usecase/engagement_usecase.go:35.2,35.21 1 0
github.com/aswinsreeraj/evntx/internal/usecase/engagement_usecase.go:45.9,49.38 2 0
github.com/aswinsreeraj/evntx/internal/usecase/engagement_usecase.go:49.38,50.49 1 0
github.com/aswinsreeraj/evntx/internal/usecase/engagement_usecase.go:50.49,53.4 1 0
github.com/aswinsreeraj/evntx/internal/usecase/engagement_usecase.go:56.2,56.20 1 0
github.com/aswinsreeraj/evntx/internal/usecase/engagement_usecase.go:56.20,58.3 1 0
github.com/aswinsreeraj/evntx/internal/usecase/engagement_usecase.go:60.2,72.34 2 0
github.com/aswinsreeraj/evntx/internal/usecase/engagement_usecase.go:75.150,77.2 1 0
github.com/aswinsreeraj/evntx/internal/usecase/engagement_usecase.go:79.158,81.2 1 0
github.com/aswinsreeraj/evntx/internal/usecase/event_usecase.go:28.17,30.2 1 0
github.com/aswinsreeraj/evntx/internal/usecase/event_usecase.go:32.181,34.2 1 0
github.com/aswinsreeraj/evntx/internal/usecase/event_usecase.go:36.136,38.2 1 0
github.com/aswinsreeraj/evntx/internal/usecase/event_usecase.go:40.112,42.2 1 0
github.com/aswinsreeraj/evntx/internal/usecase/event_usecase.go:44.143,46.2 1 0
github.com/aswinsreeraj/evntx/internal/usecase/event_usecase.go:48.113,50.2 1 0
github.com/aswinsreeraj/evntx/internal/usecase/event_usecase.go:52.128,54.2 1 0
github.com/aswinsreeraj/evntx/internal/usecase/event_usecase.go:56.71,58.2 1 0
github.com/aswinsreeraj/evntx/internal/usecase/event_usecase.go:60.106,63.16 2 0
github.com/aswinsreeraj/evntx/internal/usecase/event_usecase.go:63.16,65.3 1 0
github.com/aswinsreeraj/evntx/internal/usecase/event_usecase.go:67.2,67.89 1 0
github.com/aswinsreeraj/evntx/internal/usecase/event_usecase.go:67.89,69.3 1 0
github.com/aswinsreeraj/evntx/internal/usecase/event_usecase.go:71.2,72.16 2 0
github.com/aswinsreeraj/evntx/internal/usecase/event_usecase.go:72.16,74.3 1 0
github.com/aswinsreeraj/evntx/internal/usecase/event_usecase.go:76.2,77.16 2 0
github.com/aswinsreeraj/evntx/internal/usecase/event_usecase.go:77.16,79.3 1 0
github.com/aswinsreeraj/evntx/internal/usecase/event_usecase.go:81.2,82.16 2 0
github.com/aswinsreeraj/evntx/internal/usecase/event_usecase.go:82.16,84.3 1 0
github.com/aswinsreeraj/evntx/internal/usecase/event_usecase.go:86.2,86.49 1 0
github.com/aswinsreeraj/evntx/internal/usecase/event_usecase.go:89.135,91.16 2 0
github.com/aswinsreeraj/evntx/internal/usecase/event_usecase.go:91.16,93.3 1 0
github.com/aswinsreeraj/evntx/internal/usecase/event_usecase.go:95.2,95.38 1 0
github.com/aswinsreeraj/evntx/internal/usecase/event_usecase.go:95.38,97.3 1 0
github.com/aswinsreeraj/evntx/internal/usecase/event_usecase.go:99.2,100.16 2 0
github.com/aswinsreeraj/evntx/internal/usecase/event_usecase.go:100.16,102.3 1 0
github.com/aswinsreeraj/evntx/internal/usecase/event_usecase.go:104.2,105.16 2 0
github.com/aswinsreeraj/evntx/internal/usecase/event_usecase.go:105.16,107.3 1 0
github.com/aswinsreeraj/evntx/internal/usecase/event_usecase.go:109.2,110.16 2 0
github.com/aswinsreeraj/evntx/internal/usecase/event_usecase.go:110.16,112.3 1 0
github.com/aswinsreeraj/evntx/internal/usecase/event_usecase.go:114.2,114.49 1 0
github.com/aswinsreeraj/evntx/internal/usecase/event_usecase.go:117.111,119.16 2 0
github.com/aswinsreeraj/evntx/internal/usecase/event_usecase.go:119.16,121.3 1 0
github.com/aswinsreeraj/evntx/internal/usecase/event_usecase.go:123.2,124.16 2 0
github.com/aswinsreeraj/evntx/internal/usecase/event_usecase.go:124.16,126.3 1 0
github.com/aswinsreeraj/evntx/internal/usecase/event_usecase.go:128.2,129.16 2 0
github.com/aswinsreeraj/evntx/internal/usecase/event_usecase.go:129.16,131.3 1 0
github.com/aswinsreeraj/evntx/internal/usecase/event_usecase.go:133.2,134.16 2 0
github.com/aswinsreeraj/evntx/internal/usecase/event_usecase.go:134.16,136.3 1 0
github.com/aswinsreeraj/evntx/internal/usecase/event_usecase.go:138.2,138.49 1 0
github.com/aswinsreeraj/evntx/internal/usecase/event_usecase.go:141.40,146.2 4 0
github.com/aswinsreeraj/evntx/internal/usecase/event_usecase.go:155.19,157.71 1 0
github.com/aswinsreeraj/evntx/internal/usecase/event_usecase.go:157.71,159.3 1 0
github.com/aswinsreeraj/evntx/internal/usecase/event_usecase.go:161.2,162.28 2 0
github.com/aswinsreeraj/evntx/internal/usecase/event_usecase.go:162.28,163.18 1 0
github.com/aswinsreeraj/evntx/internal/usecase/event_usecase.go:163.18,165.4 1 0
github.com/aswinsreeraj/evntx/internal/usecase/event_usecase.go:166.3,166.26 1 0
github.com/aswinsreeraj/evntx/internal/usecase/event_usecase.go:166.26,168.4 1 0
github.com/aswinsreeraj/evntx/internal/usecase/event_usecase.go:169.3,169.34 1 0
github.com/aswinsreeraj/evntx/internal/usecase/event_usecase.go:172.2,172.42 1 0
github.com/aswinsreeraj/evntx/internal/usecase/event_usecase.go:172.42,174.3 1 0
github.com/aswinsreeraj/evntx/internal/usecase/event_usecase.go:176.2,191.25 13 0
github.com/aswinsreeraj/evntx/internal/usecase/event_usecase.go:191.25,198.3 6 0
github.com/aswinsreeraj/evntx/internal/usecase/event_usecase.go:200.2,200.28 1 0
github.com/aswinsreeraj/evntx/internal/usecase/event_usecase.go:200.28,203.3 2 0
github.com/aswinsreeraj/evntx/internal/usecase/event_usecase.go:205.2,206.16 2 0
github.com/aswinsreeraj/evntx/internal/usecase/event_usecase.go:206.16,209.3 2 0
github.com/aswinsreeraj/evntx/internal/usecase/event_usecase.go:211.2,220.21 2 0
github.com/aswinsreeraj/evntx/internal/usecase/event_usecase.go:231.9,234.16 2 0
github.com/aswinsreeraj/evntx/internal/usecase/event_usecase.go:234.16,236.3 1 0
github.com/aswinsreeraj/evntx/internal/usecase/event_usecase.go:238.2,238.38 1 0
github.com/aswinsreeraj/evntx/internal/usecase/event_usecase.go:238.38,240.3 1 0
github.com/aswinsreeraj/evntx/internal/usecase/event_usecase.go:242.2,242.89 1 0
github.com/aswinsreeraj/evntx/internal/usecase/event_usecase.go:242.89,244.3 1 0
github.com/aswinsreeraj/evntx/internal/usecase/event_usecase.go:246.2,247.16 2 0
github.com/aswinsreeraj/evntx/internal/usecase/event_usecase.go:247.16,249.3 1 0
github.com/aswinsreeraj/evntx/internal/usecase/event_usecase.go:251.2,252.64 2 0
github.com/aswinsreeraj/evntx/internal/usecase/event_usecase.go:252.64,253.32 1 0
github.com/aswinsreeraj/evntx/internal/usecase/event_usecase.go:253.32,255.4 1 0
github.com/aswinsreeraj/evntx/internal/usecase/event_usecase.go:255.9,255.43 1 0
github.com/aswinsreeraj/evntx/internal/usecase/event_usecase.go:255.43,257.4 1 0
github.com/aswinsreeraj/evntx/internal/usecase/event_usecase.go:260.2,261.34 2 0
github.com/aswinsreeraj/evntx/internal/usecase/event_usecase.go:261.34,262.18 1 0
github.com/aswinsreeraj/evntx/internal/usecase/event_usecase.go:262.18,264.4 1 0
github.com/aswinsreeraj/evntx/internal/usecase/event_usecase.go:265.3,265.26 1 0
github.com/aswinsreeraj/evntx/internal/usecase/event_usecase.go:265.26,267.4 1 0
github.com/aswinsreeraj/evntx/internal/usecase/event_usecase.go:268.3,268.34 1 0
github.com/aswinsreeraj/evntx/internal/usecase/event_usecase.go:271.2,271.29 1 0
github.com/aswinsreeraj/evntx/internal/usecase/event_usecase.go:271.29,273.3 1 0
github.com/aswinsreeraj/evntx/internal/usecase/event_usecase.go:275.2,279.32 4 0
github.com/aswinsreeraj/evntx/internal/usecase/event_usecase.go:279.32,289.3 2 0
github.com/aswinsreeraj/evntx/internal/usecase/event_usecase.go:291.2,291.31 1 0
github.com/aswinsreeraj/evntx/internal/usecase/event_usecase.go:291.31,292.32 1 0
github.com/aswinsreeraj/evntx/internal/usecase/event_usecase.go:292.32,295.4 2 0
github.com/aswinsreeraj/evntx/internal/usecase/event_usecase.go:296.3,299.70 3 0
github.com/aswinsreeraj/evntx/internal/usecase/event_usecase.go:302.2,302.34 1 0
github.com/aswinsreeraj/evntx/internal/usecase/event_usecase.go:302.34,303.35 1 0
github.com/aswinsreeraj/evntx/internal/usecase/event_usecase.go:303.35,305.4 1 0
github.com/aswinsreeraj/evntx/internal/usecase/event_usecase.go:306.3,306.40 1 0
github.com/aswinsreeraj/evntx/internal/usecase/event_usecase.go:309.2,310.16 2 0
github.com/aswinsreeraj/evntx/internal/usecase/event_usecase.go:310.16,313.3 2 0
github.com/aswinsreeraj/evntx/internal/usecase/event_usecase.go:315.2,315.12 1 0
github.com/aswinsreeraj/evntx/internal/usecase/event_usecase.go:318.110,320.16 2 0
github.com/aswinsreeraj/evntx/internal/usecase/event_usecase.go:320.16,322.3 1 0
github.com/aswinsreeraj/evntx/internal/usecase/event_usecase.go:324.2,324.38 1 0
github.com/aswinsreeraj/evntx/internal/usecase/event_usecase.go:324.38,326.3 1 0
github.com/aswinsreeraj/evntx/internal/usecase/event_usecase.go:328.2,328.59 1 0
github.com/aswinsreeraj/evntx/internal/usecase/event_usecase.go:328.59,330.3 1 0
github.com/aswinsreeraj/evntx/internal/usecase/event_usecase.go:332.2,333.27 2 0
github.com/aswinsreeraj/evntx/internal/usecase/event_usecase.go:333.27,334.131 1 0
github.com/aswinsreeraj/evntx/internal/usecase/event_usecase.go:334.131,336.4 1 0
github.com/aswinsreeraj/evntx/internal/usecase/event_usecase.go:339.2,340.16 2 0
github.com/aswinsreeraj/evntx/internal/usecase/event_usecase.go:340.16,342.3 1 0
github.com/aswinsreeraj/evntx/internal/usecase/event_usecase.go:344.2,353.12 2 0
github.com/aswinsreeraj/evntx/internal/usecase/event_usecase.go:356.96,358.16 2 0
github.com/aswinsreeraj/evntx/internal/usecase/event_usecase.go:358.16,360.3 1 0
github.com/aswinsreeraj/evntx/internal/usecase/event_usecase.go:362.2,362.31 1 0
github.com/aswinsreeraj/evntx/internal/usecase/event_usecase.go:362.31,364.3 1 0
github.com/aswinsreeraj/evntx/internal/usecase/event_usecase.go:366.2,367.16 2 0
github.com/aswinsreeraj/evntx/internal/usecase/event_usecase.go:367.16,369.3 1 0
github.com/aswinsreeraj/evntx/internal/usecase/event_usecase.go:371.2,380.12 2 0
github.com/aswinsreeraj/evntx/internal/usecase/event_usecase.go:383.110,385.16 2 0
github.com/aswinsreeraj/evntx/internal/usecase/event_usecase.go:385.16,387.3 1 0
github.com/aswinsreeraj/evntx/internal/usecase/event_usecase.go:389.2,389.31 1 0
github.com/aswinsreeraj/evntx/internal/usecase/event_usecase.go:389.31,391.3 1 0
github.com/aswinsreeraj/evntx/internal/usecase/event_usecase.go:393.2,394.16 2 0
github.com/aswinsreeraj/evntx/internal/usecase/event_usecase.go:394.16,396.3 1 0
github.com/aswinsreeraj/evntx/internal/usecase/event_usecase.go:398.2,407.12 2 0
github.com/aswinsreeraj/evntx/internal/usecase/event_usecase.go:410.115,412.16 2 0
github.com/aswinsreeraj/evntx/internal/usecase/event_usecase.go:412.16,414.3 1 0
github.com/aswinsreeraj/evntx/internal/usecase/event_usecase.go:416.2,416.28 1 0
github.com/aswinsreeraj/evntx/internal/usecase/event_usecase.go:416.28,418.3 1 0
github.com/aswinsreeraj/evntx/internal/usecase/event_usecase.go:420.2,421.16 2 0
github.com/aswinsreeraj/evntx/internal/usecase/event_usecase.go:421.16,423.3 1 0
github.com/aswinsreeraj/evntx/internal/usecase/event_usecase.go:425.2,425.34 1 0
github.com/aswinsreeraj/evntx/internal/usecase/event_usecase.go:425.34,433.17 2 0
github.com/aswinsreeraj/evntx/internal/usecase/event_usecase.go:433.17,435.4 1 0
github.com/aswinsreeraj/evntx/internal/usecase/event_usecase.go:438.2,447.12 2 0
github.com/aswinsreeraj/evntx/internal/usecase/event_usecase.go:450.97,452.16 2 0
github.com/aswinsreeraj/evntx/internal/usecase/event_usecase.go:452.16,454.3 1 0
github.com/aswinsreeraj/evntx/internal/usecase/event_usecase.go:456.2,456.28 1 0
github.com/aswinsreeraj/evntx/internal/usecase/event_usecase.go:456.28,458.3 1 0
github.com/aswinsreeraj/evntx/internal/usecase/event_usecase.go:460.2,460.76 1 0
github.com/aswinsreeraj/evntx/internal/usecase/event_usecase.go:460.76,462.3 1 0
github.com/aswinsreeraj/evntx/internal/usecase/event_usecase.go:464.2,464.60 1 0
github.com/aswinsreeraj/evntx/internal/usecase/event_usecase.go:464.60,466.3 1 0
github.com/aswinsreeraj/evntx/internal/usecase/event_usecase.go:468.2,477.12 2 0
github.com/aswinsreeraj/evntx/internal/usecase/event_usecase.go:480.87,482.16 2 0
github.com/aswinsreeraj/evntx/internal/usecase/event_usecase.go:482.16,484.3 1 0
github.com/aswinsreeraj/evntx/internal/usecase/event_usecase.go:486.2,486.33 1 0
github.com/aswinsreeraj/evntx/internal/usecase/event_usecase.go:486.33,488.3 1 0
github.com/aswinsreeraj/evntx/internal/usecase/event_usecase.go:490.2,490.19 1 0
github.com/aswinsreeraj/evntx/internal/usecase/event_usecase.go:490.19,492.3 1 0
github.com/aswinsreeraj/evntx/internal/usecase/event_usecase.go:494.2,495.16 2 0
github.com/aswinsreeraj/evntx/internal/usecase/event_usecase.go:495.16,497.3 1 0
github.com/aswinsreeraj/evntx/internal/usecase/event_usecase.go:499.2,500.35 2 0
github.com/aswinsreeraj/evntx/internal/usecase/event_usecase.go:500.35,502.3 1 0
github.com/aswinsreeraj/evntx/internal/usecase/event_usecase.go:504.2,504.97 1 0
github.com/aswinsreeraj/evntx/internal/usecase/event_usecase.go:504.97,506.3 1 0
github.com/aswinsreeraj/evntx/internal/usecase/event_usecase.go:508.2,516.12 2 0
github.com/aswinsreeraj/evntx/internal/usecase/event_usecase.go:519.123,521.2 1 0
github.com/aswinsreeraj/evntx/internal/usecase/event_usecase.go:523.99,525.16 2 0
github.com/aswinsreeraj/evntx/internal/usecase/event_usecase.go:525.16,527.3 1 0
github.com/aswinsreeraj/evntx/internal/usecase/event_usecase.go:529.2,529.38 1 0
github.com/aswinsreeraj/evntx/internal/usecase/event_usecase.go:529.38,531.3 1 0
github.com/aswinsreeraj/evntx/internal/usecase/event_usecase.go:533.2,533.59 1 0
github.com/aswinsreeraj/evntx/internal/usecase/event_usecase.go:533.59,535.3 1 0
github.com/aswinsreeraj/evntx/internal/usecase/event_usecase.go:537.2,538.16 2 0
github.com/aswinsreeraj/evntx/internal/usecase/event_usecase.go:538.16,541.3 2 0
github.com/aswinsreeraj/evntx/internal/usecase/event_usecase.go:543.2,543.12 1 0
github.com/aswinsreeraj/evntx/internal/usecase/event_usecase.go:546.127,548.16 2 0
github.com/aswinsreeraj/evntx/internal/usecase/event_usecase.go:548.16,550.3 1 0
github.com/aswinsreeraj/evntx/internal/usecase/event_usecase.go:551.2,551.38 1 0
github.com/aswinsreeraj/evntx/internal/usecase/event_usecase.go:551.38,553.3 1 0
github.com/aswinsreeraj/evntx/internal/usecase/event_usecase.go:554.2,554.28 1 0
github.com/aswinsreeraj/evntx/internal/usecase/event_usecase.go:554.28,556.3 1 0
github.com/aswinsreeraj/evntx/internal/usecase/event_usecase.go:557.2,557.27 1 0
github.com/aswinsreeraj/evntx/internal/usecase/event_usecase.go:557.27,558.124 1 0
github.com/aswinsreeraj/evntx/internal/usecase/event_usecase.go:558.124,560.4 1 0
github.com/aswinsreeraj/evntx/internal/usecase/event_usecase.go:562.2,562.91 1 0
github.com/aswinsreeraj/evntx/internal/usecase/event_usecase.go:562.91,564.3 1 0
github.com/aswinsreeraj/evntx/internal/usecase/event_usecase.go:565.2,573.12 2 0
github.com/aswinsreeraj/evntx/internal/usecase/event_usecase.go:576.108,578.16 2 0
github.com/aswinsreeraj/evntx/internal/usecase/event_usecase.go:578.16,580.3 1 0
github.com/aswinsreeraj/evntx/internal/usecase/event_usecase.go:581.2,581.44 1 0
github.com/aswinsreeraj/evntx/internal/usecase/event_usecase.go:581.44,583.3 1 0
github.com/aswinsreeraj/evntx/internal/usecase/event_usecase.go:584.2,584.80 1 0
github.com/aswinsreeraj/evntx/internal/usecase/event_usecase.go:584.80,586.3 1 0
github.com/aswinsreeraj/evntx/internal/usecase/event_usecase.go:587.2,587.34 1 0
github.com/aswinsreeraj/evntx/internal/usecase/event_usecase.go:587.34,595.3 1 0
github.com/aswinsreeraj/evntx/internal/usecase/event_usecase.go:596.2,596.12 1 0
github.com/aswinsreeraj/evntx/internal/usecase/event_usecase.go:599.122,601.16 2 0
github.com/aswinsreeraj/evntx/internal/usecase/event_usecase.go:601.16,603.3 1 0
github.com/aswinsreeraj/evntx/internal/usecase/event_usecase.go:604.2,604.44 1 0
github.com/aswinsreeraj/evntx/internal/usecase/event_usecase.go:604.44,606.3 1 0
github.com/aswinsreeraj/evntx/internal/usecase/event_usecase.go:607.2,607.86 1 0
github.com/aswinsreeraj/evntx/internal/usecase/event_usecase.go:607.86,609.3 1 0
github.com/aswinsreeraj/evntx/internal/usecase/event_usecase.go:610.2,610.34 1 0
github.com/aswinsreeraj/evntx/internal/usecase/event_usecase.go:610.34,618.3 1 0
github.com/aswinsreeraj/evntx/internal/usecase/event_usecase.go:619.2,619.12 1 0
github.com/aswinsreeraj/evntx/internal/usecase/event_usecase.go:622.78,625.16 3 0
github.com/aswinsreeraj/evntx/internal/usecase/event_usecase.go:625.16,627.3 1 0
github.com/aswinsreeraj/evntx/internal/usecase/event_usecase.go:629.2,629.31 1 0
github.com/aswinsreeraj/evntx/internal/usecase/event_usecase.go:629.31,630.78 1 0
github.com/aswinsreeraj/evntx/internal/usecase/event_usecase.go:630.78,632.12 2 0
github.com/aswinsreeraj/evntx/internal/usecase/event_usecase.go:635.3,635.62 1 0
github.com/aswinsreeraj/evntx/internal/usecase/event_usecase.go:635.62,637.12 2 0
github.com/aswinsreeraj/evntx/internal/usecase/event_usecase.go:640.3,643.65 1 0
github.com/aswinsreeraj/evntx/internal/usecase/event_usecase.go:646.2,646.12 1 0
github.com/aswinsreeraj/evntx/internal/usecase/notification_usecase.go:17.90,19.2 1 0
github.com/aswinsreeraj/evntx/internal/usecase/notification_usecase.go:27.9,28.18 1 0
github.com/aswinsreeraj/evntx/internal/usecase/notification_usecase.go:28.18,30.3 1 0
github.com/aswinsreeraj/evntx/internal/usecase/notification_usecase.go:32.2,33.21 2 0
github.com/aswinsreeraj/evntx/internal/usecase/notification_usecase.go:33.21,35.17 2 0
github.com/aswinsreeraj/evntx/internal/usecase/notification_usecase.go:35.17,37.4 1 0
github.com/aswinsreeraj/evntx/internal/usecase/notification_usecase.go:38.3,38.24 1 0
github.com/aswinsreeraj/evntx/internal/usecase/notification_usecase.go:41.2,52.48 2 0
github.com/aswinsreeraj/evntx/internal/usecase/notification_usecase.go:59.48,60.14 1 0
github.com/aswinsreeraj/evntx/internal/usecase/notification_usecase.go:60.14,62.3 1 0
github.com/aswinsreeraj/evntx/internal/usecase/notification_usecase.go:63.2,63.15 1 0
github.com/aswinsreeraj/evntx/internal/usecase/notification_usecase.go:63.15,65.3 1 0
github.com/aswinsreeraj/evntx/internal/usecase/notification_usecase.go:67.2,67.59 1 0
github.com/aswinsreeraj/evntx/internal/usecase/notification_usecase.go:70.86,71.26 1 0
github.com/aswinsreeraj/evntx/internal/usecase/notification_usecase.go:71.26,73.3 1 0
github.com/aswinsreeraj/evntx/internal/usecase/notification_usecase.go:75.2,75.50 1 0
github.com/aswinsreeraj/evntx/internal/usecase/notification_usecase.go:78.66,80.2 1 0
github.com/aswinsreeraj/evntx/internal/usecase/notification_usecase.go:82.61,84.2 1 0
github.com/aswinsreeraj/evntx/internal/usecase/payment_usecase.go:34.19,43.2 1 0
github.com/aswinsreeraj/evntx/internal/usecase/payment_usecase.go:45.137,47.16 2 0
github.com/aswinsreeraj/evntx/internal/usecase/payment_usecase.go:47.16,48.45 1 0
github.com/aswinsreeraj/evntx/internal/usecase/payment_usecase.go:48.45,50.4 1 0
github.com/aswinsreeraj/evntx/internal/usecase/payment_usecase.go:52.3,52.18 1 0
github.com/aswinsreeraj/evntx/internal/usecase/payment_usecase.go:55.2,55.30 1 0
github.com/aswinsreeraj/evntx/internal/usecase/payment_usecase.go:55.30,57.3 1 0
github.com/aswinsreeraj/evntx/internal/usecase/payment_usecase.go:59.2,59.34 1 0
github.com/aswinsreeraj/evntx/internal/usecase/payment_usecase.go:59.34,61.3 1 0
github.com/aswinsreeraj/evntx/internal/usecase/payment_usecase.go:63.2,63.30 1 0
github.com/aswinsreeraj/evntx/internal/usecase/payment_usecase.go:63.30,75.62 2 0
github.com/aswinsreeraj/evntx/internal/usecase/payment_usecase.go:75.62,77.4 1 0
github.com/aswinsreeraj/evntx/internal/usecase/payment_usecase.go:79.3,79.102 1 0
github.com/aswinsreeraj/evntx/internal/usecase/payment_usecase.go:79.102,81.4 1 0
github.com/aswinsreeraj/evntx/internal/usecase/payment_usecase.go:83.3,83.30 1 0
github.com/aswinsreeraj/evntx/internal/usecase/payment_usecase.go:83.30,85.4 1 0
github.com/aswinsreeraj/evntx/internal/usecase/payment_usecase.go:87.3,99.9 2 0
github.com/aswinsreeraj/evntx/internal/usecase/payment_usecase.go:102.2,104.16 3 0
github.com/aswinsreeraj/evntx/internal/usecase/payment_usecase.go:104.16,106.3 1 0
github.com/aswinsreeraj/evntx/internal/usecase/payment_usecase.go:108.2,119.61 2 0
github.com/aswinsreeraj/evntx/internal/usecase/payment_usecase.go:119.61,121.3 1 0
github.com/aswinsreeraj/evntx/internal/usecase/payment_usecase.go:123.2,136.8 2 0
github.com/aswinsreeraj/evntx/internal/usecase/payment_usecase.go:144.9,146.16 2 0
github.com/aswinsreeraj/evntx/internal/usecase/payment_usecase.go:146.16,147.45 1 0
github.com/aswinsreeraj/evntx/internal/usecase/payment_usecase.go:147.45,149.4 1 0
github.com/aswinsreeraj/evntx/internal/usecase/payment_usecase.go:150.3,150.13 1 0
github.com/aswinsreeraj/evntx/internal/usecase/payment_usecase.go:153.2,153.51 1 0
github.com/aswinsreeraj/evntx/internal/usecase/payment_usecase.go:153.51,155.3 1 0
github.com/aswinsreeraj/evntx/internal/usecase/payment_usecase.go:157.2,158.16 2 0
github.com/aswinsreeraj/evntx/internal/usecase/payment_usecase.go:158.16,160.3 1 0
github.com/aswinsreeraj/evntx/internal/usecase/payment_usecase.go:162.2,162.14 1 0
github.com/aswinsreeraj/evntx/internal/usecase/payment_usecase.go:162.14,163.104 1 0
github.com/aswinsreeraj/evntx/internal/usecase/payment_usecase.go:163.104,165.4 1 0
github.com/aswinsreeraj/evntx/internal/usecase/payment_usecase.go:167.3,167.35 1 0
github.com/aswinsreeraj/evntx/internal/usecase/payment_usecase.go:167.35,168.96 1 0
github.com/aswinsreeraj/evntx/internal/usecase/payment_usecase.go:168.96,178.25 1 0
github.com/aswinsreeraj/evntx/internal/usecase/payment_usecase.go:178.25,184.6 1 0
github.com/aswinsreeraj/evntx/internal/usecase/payment_usecase.go:188.3,194.82 2 0
github.com/aswinsreeraj/evntx/internal/usecase/payment_usecase.go:197.2,198.16 2 0
github.com/aswinsreeraj/evntx/internal/usecase/payment_usecase.go:198.16,199.45 1 0
github.com/aswinsreeraj/evntx/internal/usecase/payment_usecase.go:199.45,201.4 1 0
github.com/aswinsreeraj/evntx/internal/usecase/payment_usecase.go:202.3,202.13 1 0
github.com/aswinsreeraj/evntx/internal/usecase/payment_usecase.go:205.2,206.16 2 0
github.com/aswinsreeraj/evntx/internal/usecase/payment_usecase.go:206.16,208.3 1 0
github.com/aswinsreeraj/evntx/internal/usecase/payment_usecase.go:210.2,210.123 1 0
github.com/aswinsreeraj/evntx/internal/usecase/payment_usecase.go:210.123,211.64 1 0
github.com/aswinsreeraj/evntx/internal/usecase/payment_usecase.go:211.64,213.104 2 0
github.com/aswinsreeraj/evntx/internal/usecase/payment_usecase.go:213.104,221.5 2 0
github.com/aswinsreeraj/evntx/internal/usecase/payment_usecase.go:222.4,222.107 1 0
github.com/aswinsreeraj/evntx/internal/usecase/payment_usecase.go:222.107,224.5 1 0
github.com/aswinsreeraj/evntx/internal/usecase/payment_usecase.go:225.4,225.36 1 0
github.com/aswinsreeraj/evntx/internal/usecase/payment_usecase.go:225.36,238.5 1 0
github.com/aswinsreeraj/evntx/internal/usecase/payment_usecase.go:239.4,244.52 2 0
github.com/aswinsreeraj/evntx/internal/usecase/payment_usecase.go:246.3,246.13 1 0
github.com/aswinsreeraj/evntx/internal/usecase/payment_usecase.go:249.2,249.29 1 0
github.com/aswinsreeraj/evntx/internal/usecase/payment_usecase.go:249.29,251.3 1 0
github.com/aswinsreeraj/evntx/internal/usecase/payment_usecase.go:253.2,253.34 1 0
github.com/aswinsreeraj/evntx/internal/usecase/payment_usecase.go:253.34,255.24 2 0
github.com/aswinsreeraj/evntx/internal/usecase/payment_usecase.go:255.24,260.4 1 0
github.com/aswinsreeraj/evntx/internal/usecase/payment_usecase.go:260.9,260.91 1 0
github.com/aswinsreeraj/evntx/internal/usecase/payment_usecase.go:260.91,265.4 1 0
github.com/aswinsreeraj/evntx/internal/usecase/payment_usecase.go:265.9,277.24 1 0
github.com/aswinsreeraj/evntx/internal/usecase/payment_usecase.go:277.24,283.5 1 0
github.com/aswinsreeraj/evntx/internal/usecase/payment_usecase.go:285.4,295.24 1 0
github.com/aswinsreeraj/evntx/internal/usecase/payment_usecase.go:295.24,301.5 1 0
github.com/aswinsreeraj/evntx/internal/usecase/payment_usecase.go:303.4,305.29 3 0
github.com/aswinsreeraj/evntx/internal/usecase/payment_usecase.go:305.29,307.5 1 0
github.com/aswinsreeraj/evntx/internal/usecase/payment_usecase.go:309.4,320.24 1 0
github.com/aswinsreeraj/evntx/internal/usecase/payment_usecase.go:320.24,326.5 1 0
github.com/aswinsreeraj/evntx/internal/usecase/payment_usecase.go:330.2,337.12 2 0
github.com/aswinsreeraj/evntx/internal/usecase/payment_usecase.go:340.108,342.16 2 0
github.com/aswinsreeraj/evntx/internal/usecase/payment_usecase.go:342.16,343.45 1 0
github.com/aswinsreeraj/evntx/internal/usecase/payment_usecase.go:343.45,345.4 1 0
github.com/aswinsreeraj/evntx/internal/usecase/payment_usecase.go:347.3,347.13 1 0
github.com/aswinsreeraj/evntx/internal/usecase/payment_usecase.go:350.2,350.30 1 0
github.com/aswinsreeraj/evntx/internal/usecase/payment_usecase.go:350.30,352.3 1 0
github.com/aswinsreeraj/evntx/internal/usecase/payment_usecase.go:354.2,354.63 1 0
github.com/aswinsreeraj/evntx/internal/usecase/payment_usecase.go:354.63,356.3 1 0
github.com/aswinsreeraj/evntx/internal/usecase/payment_usecase.go:358.2,359.16 2 0
github.com/aswinsreeraj/evntx/internal/usecase/payment_usecase.go:359.16,360.45 1 0
github.com/aswinsreeraj/evntx/internal/usecase/payment_usecase.go:360.45,362.4 1 0
github.com/aswinsreeraj/evntx/internal/usecase/payment_usecase.go:364.3,364.13 1 0
github.com/aswinsreeraj/evntx/internal/usecase/payment_usecase.go:367.2,367.52 1 0
github.com/aswinsreeraj/evntx/internal/usecase/payment_usecase.go:367.52,369.3 1 0
github.com/aswinsreeraj/evntx/internal/usecase/payment_usecase.go:371.2,371.51 1 0
github.com/aswinsreeraj/evntx/internal/usecase/payment_usecase.go:371.51,373.3 1 0
github.com/aswinsreeraj/evntx/internal/usecase/payment_usecase.go:375.2,376.23 2 0
github.com/aswinsreeraj/evntx/internal/usecase/payment_usecase.go:376.23,378.3 1 0
github.com/aswinsreeraj/evntx/internal/usecase/payment_usecase.go:380.2,381.27 2 0
github.com/aswinsreeraj/evntx/internal/usecase/payment_usecase.go:381.27,383.3 1 0
github.com/aswinsreeraj/evntx/internal/usecase/payment_usecase.go:385.2,391.16 1 0
github.com/aswinsreeraj/evntx/internal/usecase/payment_usecase.go:391.16,393.3 1 0
github.com/aswinsreeraj/evntx/internal/usecase/payment_usecase.go:395.2,403.12 2 0
github.com/aswinsreeraj/evntx/internal/usecase/payment_usecase.go:406.52,408.2 1 0
github.com/aswinsreeraj/evntx/internal/usecase/user_usecase.go:24.16,26.2 1 0
github.com/aswinsreeraj/evntx/internal/usecase/user_usecase.go:28.68,37.16 3 0
github.com/aswinsreeraj/evntx/internal/usecase/user_usecase.go:37.16,39.3 1 0
github.com/aswinsreeraj/evntx/internal/usecase/user_usecase.go:41.2,41.18 1 0
github.com/aswinsreeraj/evntx/internal/usecase/user_usecase.go:44.75,46.2 1 0
github.com/aswinsreeraj/evntx/internal/usecase/user_usecase.go:48.115,50.16 2 0
github.com/aswinsreeraj/evntx/internal/usecase/user_usecase.go:50.16,52.3 1 0
github.com/aswinsreeraj/evntx/internal/usecase/user_usecase.go:54.2,55.16 2 0
github.com/aswinsreeraj/evntx/internal/usecase/user_usecase.go:55.16,56.30 1 0
github.com/aswinsreeraj/evntx/internal/usecase/user_usecase.go:56.30,57.36 1 0
github.com/aswinsreeraj/evntx/internal/usecase/user_usecase.go:57.36,59.25 2 0
github.com/aswinsreeraj/evntx/internal/usecase/user_usecase.go:59.25,61.6 1 0
github.com/aswinsreeraj/evntx/internal/usecase/user_usecase.go:61.11,61.51 1 0
github.com/aswinsreeraj/evntx/internal/usecase/user_usecase.go:61.51,63.6 1 0
github.com/aswinsreeraj/evntx/internal/usecase/user_usecase.go:64.5,64.10 1 0
github.com/aswinsreeraj/evntx/internal/usecase/user_usecase.go:67.3,67.31 1 0
github.com/aswinsreeraj/evntx/internal/usecase/user_usecase.go:70.2,70.44 1 0
github.com/aswinsreeraj/evntx/internal/usecase/user_usecase.go:73.72,75.2 1 0
github.com/aswinsreeraj/evntx/internal/usecase/user_usecase.go:77.132,79.16 2 0
github.com/aswinsreeraj/evntx/internal/usecase/user_usecase.go:79.16,81.3 1 0
github.com/aswinsreeraj/evntx/internal/usecase/user_usecase.go:83.2,83.16 1 0
github.com/aswinsreeraj/evntx/internal/usecase/user_usecase.go:83.16,85.3 1 0
github.com/aswinsreeraj/evntx/internal/usecase/user_usecase.go:86.2,91.44 5 0
github.com/aswinsreeraj/evntx/internal/usecase/user_usecase.go:91.44,93.3 1 0
github.com/aswinsreeraj/evntx/internal/usecase/user_usecase.go:95.2,96.16 2 0
github.com/aswinsreeraj/evntx/internal/usecase/user_usecase.go:96.16,98.3 1 0
github.com/aswinsreeraj/evntx/internal/usecase/user_usecase.go:100.2,100.29 1 0
github.com/aswinsreeraj/evntx/internal/usecase/user_usecase.go:100.29,101.35 1 0
github.com/aswinsreeraj/evntx/internal/usecase/user_usecase.go:101.35,107.4 1 0
github.com/aswinsreeraj/evntx/internal/usecase/user_usecase.go:110.2,110.12 1 0
github.com/aswinsreeraj/evntx/internal/usecase/user_usecase.go:118.45,120.2 1 0
github.com/aswinsreeraj/evntx/internal/usecase/user_usecase.go:127.45,129.2 1 0
github.com/aswinsreeraj/evntx/internal/usecase/user_usecase.go:131.81,133.2 1 0
github.com/aswinsreeraj/evntx/internal/usecase/user_usecase.go:135.80,137.16 2 0
github.com/aswinsreeraj/evntx/internal/usecase/user_usecase.go:137.16,139.3 1 0
github.com/aswinsreeraj/evntx/internal/usecase/user_usecase.go:141.2,142.28 2 0
github.com/aswinsreeraj/evntx/internal/usecase/user_usecase.go:145.66,147.16 2 0
github.com/aswinsreeraj/evntx/internal/usecase/user_usecase.go:147.16,149.3 1 0
github.com/aswinsreeraj/evntx/internal/usecase/user_usecase.go:150.2,150.41 1 0
github.com/aswinsreeraj/evntx/internal/usecase/user_usecase.go:150.41,152.3 1 0
github.com/aswinsreeraj/evntx/internal/usecase/user_usecase.go:154.2,154.81 1 0
github.com/aswinsreeraj/evntx/internal/usecase/user_usecase.go:154.81,156.3 1 0
github.com/aswinsreeraj/evntx/internal/usecase/user_usecase.go:157.2,157.73 1 0
github.com/aswinsreeraj/evntx/internal/usecase/user_usecase.go:157.73,159.3 1 0
github.com/aswinsreeraj/evntx/internal/usecase/user_usecase.go:161.2,161.26 1 0
github.com/aswinsreeraj/evntx/internal/usecase/user_usecase.go:161.26,163.17 2 0
github.com/aswinsreeraj/evntx/internal/usecase/user_usecase.go:163.17,164.93 1 0
github.com/aswinsreeraj/evntx/internal/usecase/user_usecase.go:164.93,166.5 1 0
github.com/aswinsreeraj/evntx/internal/usecase/user_usecase.go:169.2,169.12 1 0
github.com/aswinsreeraj/evntx/internal/usecase/user_usecase.go:172.65,174.16 2 0
github.com/aswinsreeraj/evntx/internal/usecase/user_usecase.go:174.16,176.3 1 0
github.com/aswinsreeraj/evntx/internal/usecase/user_usecase.go:177.2,177.41 1 0
github.com/aswinsreeraj/evntx/internal/usecase/user_usecase.go:177.41,179.3 1 0
github.com/aswinsreeraj/evntx/internal/usecase/user_usecase.go:181.2,181.65 1 0
github.com/aswinsreeraj/evntx/internal/usecase/user_usecase.go:184.63,186.2 1 0
github.com/aswinsreeraj/evntx/internal/usecase/user_usecase.go:188.74,197.44 2 0
github.com/aswinsreeraj/evntx/internal/usecase/user_usecase.go:197.44,199.3 1 0
github.com/aswinsreeraj/evntx/internal/usecase/user_usecase.go:201.2,201.70 1 0
github.com/aswinsreeraj/evntx/internal/usecase/user_usecase.go:201.70,203.3 1 0
github.com/aswinsreeraj/evntx/internal/usecase/user_usecase.go:205.2,205.18 1 0
github.com/aswinsreeraj/evntx/internal/usecase/user_usecase.go:208.57,210.2 1 0
github.com/aswinsreeraj/evntx/internal/usecase/wallet_usecase.go:35.18,37.2 1 1
github.com/aswinsreeraj/evntx/internal/usecase/wallet_usecase.go:39.82,41.2 1 0
github.com/aswinsreeraj/evntx/internal/usecase/wallet_usecase.go:43.102,45.2 1 0
github.com/aswinsreeraj/evntx/internal/usecase/wallet_usecase.go:53.9,54.99 1 1
github.com/aswinsreeraj/evntx/internal/usecase/wallet_usecase.go:54.99,56.3 1 0
github.com/aswinsreeraj/evntx/internal/usecase/wallet_usecase.go:58.2,58.17 1 1
github.com/aswinsreeraj/evntx/internal/usecase/wallet_usecase.go:58.17,60.3 1 0
github.com/aswinsreeraj/evntx/internal/usecase/wallet_usecase.go:62.2,62.25 1 1
github.com/aswinsreeraj/evntx/internal/usecase/wallet_usecase.go:62.25,64.3 1 0
github.com/aswinsreeraj/evntx/internal/usecase/wallet_usecase.go:66.2,66.23 1 1
github.com/aswinsreeraj/evntx/internal/usecase/wallet_usecase.go:66.23,68.3 1 0
github.com/aswinsreeraj/evntx/internal/usecase/wallet_usecase.go:70.2,73.77 3 1
github.com/aswinsreeraj/evntx/internal/usecase/wallet_usecase.go:73.77,75.17 2 1
github.com/aswinsreeraj/evntx/internal/usecase/wallet_usecase.go:75.17,77.4 1 0
github.com/aswinsreeraj/evntx/internal/usecase/wallet_usecase.go:79.3,79.97 1 1
github.com/aswinsreeraj/evntx/internal/usecase/wallet_usecase.go:79.97,81.4 1 1
github.com/aswinsreeraj/evntx/internal/usecase/wallet_usecase.go:83.3,94.53 2 1
github.com/aswinsreeraj/evntx/internal/usecase/wallet_usecase.go:94.53,96.4 1 0
github.com/aswinsreeraj/evntx/internal/usecase/wallet_usecase.go:98.3,98.18 1 1
github.com/aswinsreeraj/evntx/internal/usecase/wallet_usecase.go:99.43,100.58 1 1
github.com/aswinsreeraj/evntx/internal/usecase/wallet_usecase.go:100.58,103.5 2 0
github.com/aswinsreeraj/evntx/internal/usecase/wallet_usecase.go:103.10,103.68 1 1
github.com/aswinsreeraj/evntx/internal/usecase/wallet_usecase.go:103.68,104.49 1 0
github.com/aswinsreeraj/evntx/internal/usecase/wallet_usecase.go:104.49,106.6 1 0
github.com/aswinsreeraj/evntx/internal/usecase/wallet_usecase.go:107.5,108.96 2 0
github.com/aswinsreeraj/evntx/internal/usecase/wallet_usecase.go:109.10,112.5 2 1
github.com/aswinsreeraj/evntx/internal/usecase/wallet_usecase.go:113.42,115.87 2 0
github.com/aswinsreeraj/evntx/internal/usecase/wallet_usecase.go:118.3,118.34 1 1
github.com/aswinsreeraj/evntx/internal/usecase/wallet_usecase.go:118.34,120.4 1 0
github.com/aswinsreeraj/evntx/internal/usecase/wallet_usecase.go:122.3,124.35 2 1
github.com/aswinsreeraj/evntx/internal/usecase/wallet_usecase.go:133.46,135.16 2 0
github.com/aswinsreeraj/evntx/internal/usecase/wallet_usecase.go:135.16,137.3 1 0
github.com/aswinsreeraj/evntx/internal/usecase/wallet_usecase.go:139.2,140.16 2 0
github.com/aswinsreeraj/evntx/internal/usecase/wallet_usecase.go:140.16,142.3 1 0
github.com/aswinsreeraj/evntx/internal/usecase/wallet_usecase.go:144.2,145.27 2 0
github.com/aswinsreeraj/evntx/internal/usecase/wallet_usecase.go:145.27,150.58 1 0
github.com/aswinsreeraj/evntx/internal/usecase/wallet_usecase.go:150.58,152.4 1 0
github.com/aswinsreeraj/evntx/internal/usecase/wallet_usecase.go:155.2,156.49 2 0
github.com/aswinsreeraj/evntx/internal/usecase/wallet_usecase.go:156.49,158.3 1 0
github.com/aswinsreeraj/evntx/internal/usecase/wallet_usecase.go:160.2,160.27 1 0
github.com/aswinsreeraj/evntx/internal/usecase/wallet_usecase.go:160.27,170.20 2 0
github.com/aswinsreeraj/evntx/internal/usecase/wallet_usecase.go:170.20,172.52 1 0
github.com/aswinsreeraj/evntx/internal/usecase/wallet_usecase.go:172.52,174.5 1 0
github.com/aswinsreeraj/evntx/internal/usecase/wallet_usecase.go:175.9,175.67 1 0
github.com/aswinsreeraj/evntx/internal/usecase/wallet_usecase.go:175.67,181.4 1 0
github.com/aswinsreeraj/evntx/internal/usecase/wallet_usecase.go:181.9,181.73 1 0
github.com/aswinsreeraj/evntx/internal/usecase/wallet_usecase.go:181.73,183.102 2 0
github.com/aswinsreeraj/evntx/internal/usecase/wallet_usecase.go:183.102,184.31 1 0
github.com/aswinsreeraj/evntx/internal/usecase/wallet_usecase.go:184.31,186.6 1 0
github.com/aswinsreeraj/evntx/internal/usecase/wallet_usecase.go:188.4,193.5 1 0
github.com/aswinsreeraj/evntx/internal/usecase/wallet_usecase.go:194.9,194.73 1 0
github.com/aswinsreeraj/evntx/internal/usecase/wallet_usecase.go:194.73,199.4 1 0
github.com/aswinsreeraj/evntx/internal/usecase/wallet_usecase.go:201.3,201.27 1 0
github.com/aswinsreeraj/evntx/internal/usecase/wallet_usecase.go:204.2,204.25 1 0
github.com/aswinsreeraj/evntx/internal/usecase/wallet_usecase.go:207.122,208.55 1 0
github.com/aswinsreeraj/evntx/internal/usecase/wallet_usecase.go:208.55,210.3 1 0
github.com/aswinsreeraj/evntx/internal/usecase/wallet_usecase.go:212.2,213.16 2 0
github.com/aswinsreeraj/evntx/internal/usecase/wallet_usecase.go:213.16,215.3 1 0
github.com/aswinsreeraj/evntx/internal/usecase/wallet_usecase.go:216.2,217.16 2 0
github.com/aswinsreeraj/evntx/internal/usecase/wallet_usecase.go:217.16,219.3 1 0
github.com/aswinsreeraj/evntx/internal/usecase/wallet_usecase.go:220.2,221.15 2 0
github.com/aswinsreeraj/evntx/internal/usecase/wallet_usecase.go:221.15,223.17 2 0
github.com/aswinsreeraj/evntx/internal/usecase/wallet_usecase.go:223.17,225.4 1 0
github.com/aswinsreeraj/evntx/internal/usecase/wallet_usecase.go:226.3,226.14 1 0
github.com/aswinsreeraj/evntx/internal/usecase/wallet_usecase.go:229.2,240.49 2 0
github.com/aswinsreeraj/evntx/internal/usecase/wallet_usecase.go:243.97,244.17 1 1
github.com/aswinsreeraj/evntx/internal/usecase/wallet_usecase.go:244.17,246.3 1 0
github.com/aswinsreeraj/evntx/internal/usecase/wallet_usecase.go:248.2,249.16 2 1
github.com/aswinsreeraj/evntx/internal/usecase/wallet_usecase.go:249.16,251.3 1 0
github.com/aswinsreeraj/evntx/internal/usecase/wallet_usecase.go:253.2,254.16 2 1
github.com/aswinsreeraj/evntx/internal/usecase/wallet_usecase.go:254.16,256.3 1 0
github.com/aswinsreeraj/evntx/internal/usecase/wallet_usecase.go:258.2,261.32 3 1
github.com/aswinsreeraj/evntx/internal/usecase/wallet_usecase.go:261.32,263.3 1 1
github.com/aswinsreeraj/evntx/internal/usecase/wallet_usecase.go:265.2,266.44 2 1
github.com/aswinsreeraj/evntx/internal/usecase/wallet_usecase.go:266.44,268.3 1 1
github.com/aswinsreeraj/evntx/internal/usecase/wallet_usecase.go:270.2,270.79 1 1
github.com/aswinsreeraj/evntx/internal/usecase/wallet_usecase.go:270.79,275.53 4 1
github.com/aswinsreeraj/evntx/internal/usecase/wallet_usecase.go:275.53,277.4 1 0
github.com/aswinsreeraj/evntx/internal/usecase/wallet_usecase.go:279.3,288.74 2 1
github.com/aswinsreeraj/evntx/internal/usecase/wallet_usecase.go:288.74,290.4 1 0
github.com/aswinsreeraj/evntx/internal/usecase/wallet_usecase.go:292.3,303.55 2 1
github.com/aswinsreeraj/evntx/internal/usecase/wallet_usecase.go:303.55,305.4 1 0
github.com/aswinsreeraj/evntx/internal/usecase/wallet_usecase.go:307.3,307.13 1 1
github.com/aswinsreeraj/evntx/internal/usecase/wallet_usecase.go:311.52,313.2 1 1
github.com/aswinsreeraj/evntx/internal/usecase/wallet_usecase.go:315.113,316.17 1 0
github.com/aswinsreeraj/evntx/internal/usecase/wallet_usecase.go:316.17,318.3 1 0
github.com/aswinsreeraj/evntx/internal/usecase/wallet_usecase.go:320.2,321.16 2 0
github.com/aswinsreeraj/evntx/internal/usecase/wallet_usecase.go:321.16,322.36 1 0
github.com/aswinsreeraj/evntx/internal/usecase/wallet_usecase.go:322.36,331.66 2 0
github.com/aswinsreeraj/evntx/internal/usecase/wallet_usecase.go:331.66,334.5 2 0
github.com/aswinsreeraj/evntx/internal/usecase/wallet_usecase.go:335.9,337.4 1 0
github.com/aswinsreeraj/evntx/internal/usecase/wallet_usecase.go:340.2,344.16 4 0
github.com/aswinsreeraj/evntx/internal/usecase/wallet_usecase.go:344.16,351.3 2 0
github.com/aswinsreeraj/evntx/internal/usecase/wallet_usecase.go:353.2,358.8 1 0
github.com/aswinsreeraj/evntx/internal/usecase/wallet_usecase.go:361.129,363.16 2 0
github.com/aswinsreeraj/evntx/internal/usecase/wallet_usecase.go:363.16,365.3 1 0
github.com/aswinsreeraj/evntx/internal/usecase/wallet_usecase.go:367.2,368.16 2 0
github.com/aswinsreeraj/evntx/internal/usecase/wallet_usecase.go:368.16,370.3 1 0
github.com/aswinsreeraj/evntx/internal/usecase/wallet_usecase.go:372.2,372.14 1 0
github.com/aswinsreeraj/evntx/internal/usecase/wallet_usecase.go:372.14,374.3 1 0
github.com/aswinsreeraj/evntx/internal/usecase/wallet_usecase.go:376.2,377.16 2 0
github.com/aswinsreeraj/evntx/internal/usecase/wallet_usecase.go:377.16,379.3 1 0
github.com/aswinsreeraj/evntx/internal/usecase/wallet_usecase.go:381.2,390.16 3 0
github.com/aswinsreeraj/evntx/internal/usecase/wallet_usecase.go:390.16,392.3 1 0
github.com/aswinsreeraj/evntx/internal/usecase/wallet_usecase.go:394.2,394.33 1 0
github.com/aswinsreeraj/evntx/internal/usecase/wallet_usecase.go:394.33,400.23 1 0
github.com/aswinsreeraj/evntx/internal/usecase/wallet_usecase.go:400.23,402.4 1 0
github.com/aswinsreeraj/evntx/internal/usecase/wallet_usecase.go:405.2,405.12 1 0
github.com/aswinsreeraj/evntx/internal/usecase/wallet_usecase.go:408.97,410.16 2 0
github.com/aswinsreeraj/evntx/internal/usecase/wallet_usecase.go:410.16,412.3 1 0
github.com/aswinsreeraj/evntx/internal/usecase/wallet_usecase.go:413.2,413.44 1 0
github.com/aswinsreeraj/evntx/internal/usecase/wallet_usecase.go:413.44,415.3 1 0
github.com/aswinsreeraj/evntx/internal/usecase/wallet_usecase.go:417.2,418.16 2 0
github.com/aswinsreeraj/evntx/internal/usecase/wallet_usecase.go:418.16,420.3 1 0
github.com/aswinsreeraj/evntx/internal/usecase/wallet_usecase.go:422.2,422.79 1 0
github.com/aswinsreeraj/evntx/internal/usecase/wallet_usecase.go:422.79,427.53 4 0
github.com/aswinsreeraj/evntx/internal/usecase/wallet_usecase.go:427.53,429.4 1 0
github.com/aswinsreeraj/evntx/internal/usecase/wallet_usecase.go:431.3,431.132 1 0
github.com/aswinsreeraj/evntx/internal/usecase/wallet_usecase.go:431.132,433.4 1 0
github.com/aswinsreeraj/evntx/internal/usecase/wallet_usecase.go:435.3,435.34 1 0
github.com/aswinsreeraj/evntx/internal/usecase/wallet_usecase.go:435.34,441.24 1 0
github.com/aswinsreeraj/evntx/internal/usecase/wallet_usecase.go:441.24,443.5 1 0
github.com/aswinsreeraj/evntx/internal/usecase/wallet_usecase.go:446.3,446.107 1 0
github.com/aswinsreeraj/evntx/internal/usecase/wallet_usecase.go:450.104,452.16 2 0
github.com/aswinsreeraj/evntx/internal/usecase/wallet_usecase.go:452.16,454.3 1 0
github.com/aswinsreeraj/evntx/internal/usecase/wallet_usecase.go:455.2,455.44 1 0
github.com/aswinsreeraj/evntx/internal/usecase/wallet_usecase.go:455.44,457.3 1 0
github.com/aswinsreeraj/evntx/internal/usecase/wallet_usecase.go:459.2,460.16 2 0
github.com/aswinsreeraj/evntx/internal/usecase/wallet_usecase.go:460.16,462.3 1 0
github.com/aswinsreeraj/evntx/internal/usecase/wallet_usecase.go:464.2,464.79 1 0
github.com/aswinsreeraj/evntx/internal/usecase/wallet_usecase.go:464.79,469.53 4 0
github.com/aswinsreeraj/evntx/internal/usecase/wallet_usecase.go:469.53,471.4 1 0
github.com/aswinsreeraj/evntx/internal/usecase/wallet_usecase.go:473.3,484.55 2 0
github.com/aswinsreeraj/evntx/internal/usecase/wallet_usecase.go:484.55,486.4 1 0
github.com/aswinsreeraj/evntx/internal/usecase/wallet_usecase.go:488.3,488.111 1 0
github.com/aswinsreeraj/evntx/internal/usecase/wallet_usecase.go:492.112,493.31 1 0
github.com/aswinsreeraj/evntx/internal/usecase/wallet_usecase.go:493.31,495.3 1 0
github.com/aswinsreeraj/evntx/internal/usecase/wallet_usecase.go:496.2,496.12 1 0
github.com/aswinsreeraj/evntx/internal/usecase/wallet_usecase.go:499.141,501.2 1 0
github.com/aswinsreeraj/evntx/internal/usecase/wallet_usecase.go:503.144,505.2 1 0
github.com/aswinsreeraj/evntx/internal/usecase/wallet_usecase.go:507.82,509.2 1 0
github.com/aswinsreeraj/evntx/internal/usecase/wallet_usecase.go:511.79,513.16 2 0
github.com/aswinsreeraj/evntx/internal/usecase/wallet_usecase.go:513.16,515.3 1 0
github.com/aswinsreeraj/evntx/internal/usecase/wallet_usecase.go:517.2,518.28 2 0
github.com/aswinsreeraj/evntx/internal/usecase/wallet_usecase.go:518.28,519.46 1 0
github.com/aswinsreeraj/evntx/internal/usecase/wallet_usecase.go:519.46,522.4 2 0
github.com/aswinsreeraj/evntx/internal/usecase/wallet_usecase.go:524.2,524.12 1 0
